// Jest Snapshot v1, https://goo.gl/fbAQLP

exports[`SubjectConfiguration route Is match snapshot 1`] = `
<Fragment>
  <CssBaseline />
  <Component>
    <Connect(Component) />
  </Component>
</Fragment>
`;
